[11:43:22] ============================================================
[11:43:22]   Cache Speedup Experiment  —  TPC-H SF=10
[11:43:22] ============================================================
[11:43:22]   Standby-list purge privileges enabled (running as Administrator).
[11:43:22] 
[1/4] Checking TPC-H SF=10 database ...
[11:43:22] tpch_sf10.duckdb already exists, skipping build.
[11:43:22] 
[2/4] Loading query sets ...
[11:43:22]   W  (original TPC-H): 22 queries
[11:43:22]   W' (RedBench synth): 22 queries
[11:43:22] 
[3/4] Running W (original TPC-H) ...
[11:43:22] 
============================================================
[11:43:22]   W  — original TPC-H  (22 queries)
[11:43:22] ============================================================
[11:43:22]   Resuming: 22 already done, 0 remaining
[11:43:22] 
[4/4] Running W' (RedBench synthetic) ...
[11:43:22] 
============================================================
[11:43:22]   W' — RedBench synthetic  (22 queries)
[11:43:22] ============================================================
[11:43:22] 
  [ 1/22] q01.sql ...
[11:43:23]     [flush] standby list purged in 1.04s (avail before=57.6 GB, after=57.6 GB)
[11:43:48]     cold: ok          23660.7 ms
[11:44:11]     warm: ok          22752.8 ms
[11:44:11]     speedup=1.0399
[11:44:11] 
  [ 2/22] q02.sql ...
[11:44:11]     [flush] standby list purged in 0.19s (avail before=57.4 GB, after=57.4 GB)
[11:44:49]     cold: ok          36438.3 ms
[11:45:34]     warm: ok          44123.9 ms
[11:45:34]     speedup=0.8258
[11:45:34] 
  [ 3/22] q03.sql ...
[11:45:35]     [flush] standby list purged in 0.34s (avail before=57.7 GB, after=57.8 GB)
[11:45:37]     cold: ok           1564.9 ms
[11:45:38]     warm: ok            954.9 ms
[11:45:38]     speedup=1.6388
[11:45:38] 
  [ 4/22] q04.sql ...
[11:45:38]     [flush] standby list purged in 0.05s (avail before=57.3 GB, after=57.3 GB)
[11:45:45]     cold: ok           5529.3 ms
[11:45:50]     warm: ok           5368.4 ms
[11:45:50]     speedup=1.03
[11:45:50] 
  [ 5/22] q05.sql ...
[11:45:50]     [flush] standby list purged in 0.08s (avail before=57.8 GB, after=57.8 GB)
[11:46:08]     cold: ok          15916.7 ms
[11:46:25]     warm: ok          15433.8 ms
[11:46:25]     speedup=1.0313
[11:46:25] 
  [ 6/22] q06.sql ...
[11:46:25]     [flush] standby list purged in 0.15s (avail before=57.8 GB, after=57.7 GB)
[11:47:02]     cold: ok          36382.3 ms
[11:47:38]     warm: ok          35446.4 ms
[11:47:38]     speedup=1.0264
[11:47:38] 
  [ 7/22] q07.sql ...
[11:47:38]     [flush] standby list purged in 0.10s (avail before=57.6 GB, after=57.6 GB)
[11:57:48]     cold: timeout    601221.6 ms
[12:08:09]     warm: timeout    620609.8 ms
[12:08:09]     speedup=None
[12:08:09] 
  [ 8/22] q08.sql ...
[12:08:10]     [flush] standby list purged in 0.47s (avail before=57.0 GB, after=57.0 GB)
[12:13:55]     cold: error      344248.0 ms
[12:20:16]     warm: error      379643.0 ms
[12:20:16]     speedup=None
[12:20:16] 
  [ 9/22] q09.sql ...
[12:20:16]     [flush] standby list purged in 0.54s (avail before=56.8 GB, after=56.8 GB)
[12:30:57]     cold: timeout    639190.5 ms
[12:41:38]     warm: timeout    640650.8 ms
[12:41:38]     speedup=None
[12:41:38] 
  [10/22] q10.sql ...
[12:41:38]     [flush] standby list purged in 0.45s (avail before=56.8 GB, after=56.9 GB)
[12:44:28]     cold: ok         168863.0 ms
[12:47:10]     warm: ok         161747.7 ms
[12:47:10]     speedup=1.044
[12:47:10] 
  [11/22] q11.sql ...
[12:47:10]     [flush] standby list purged in 0.16s (avail before=56.2 GB, after=56.2 GB)
[12:47:14]     cold: ok           2908.7 ms
[12:47:17]     warm: ok           2827.7 ms
[12:47:17]     speedup=1.0286
[12:47:17] 
  [12/22] q12.sql ...
[12:47:17]     [flush] standby list purged in 0.06s (avail before=56.1 GB, after=56.1 GB)
[12:53:58]     cold: ok         399842.6 ms
[13:00:19]     warm: ok         381114.6 ms
[13:00:19]     speedup=1.0491
[13:00:19] 
  [13/22] q13.sql ...
[13:00:19]     [flush] standby list purged in 0.27s (avail before=56.1 GB, after=56.1 GB)
[13:00:36]     cold: ok          14719.1 ms
[13:00:50]     warm: ok          14046.0 ms
[13:00:50]     speedup=1.0479
[13:00:50] 
  [14/22] q14.sql ...
[13:00:50]     [flush] standby list purged in 0.11s (avail before=56.1 GB, after=56.1 GB)
[13:10:56]     cold: timeout    601664.0 ms
[13:21:00]     warm: timeout    601539.8 ms
[13:21:00]     speedup=None
[13:21:00] 
  [15/22] q15.sql ...
[13:21:00]     [flush] standby list purged in 0.33s (avail before=55.1 GB, after=55.1 GB)
[13:22:04]     cold: ok          62181.1 ms
[13:23:06]     warm: ok          61200.4 ms
[13:23:06]     speedup=1.016
[13:23:06] 
  [16/22] q16.sql ...
[13:23:06]     [flush] standby list purged in 0.16s (avail before=55.1 GB, after=55.1 GB)
[13:23:11]     cold: ok           3933.1 ms
[13:23:15]     warm: ok           3373.4 ms
[13:23:15]     speedup=1.1659
[13:23:15] 
  [17/22] q17.sql ...
[13:23:15]     [flush] standby list purged in 0.08s (avail before=54.6 GB, after=54.6 GB)
[13:23:27]     cold: ok          10848.1 ms
[13:23:38]     warm: ok          10370.9 ms
[13:23:38]     speedup=1.046
[13:23:38] 
  [18/22] q18.sql ...
[13:23:38]     [flush] standby list purged in 0.08s (avail before=54.1 GB, after=54.1 GB)
[13:23:42]     cold: ok           2557.6 ms
[13:23:44]     warm: ok           2624.6 ms
[13:23:44]     speedup=0.9745
[13:23:44] 
  [19/22] q19.sql ...
[13:23:44]     [flush] standby list purged in 0.01s (avail before=55.1 GB, after=55.1 GB)
[13:24:19]     cold: ok          32782.2 ms
[13:24:52]     warm: ok          32909.2 ms
[13:24:52]     speedup=0.9961
[13:24:52] 
  [20/22] q20.sql ...
[13:24:53]     [flush] standby list purged in 0.18s (avail before=54.9 GB, after=54.9 GB)
[13:24:54]     cold: ok             56.0 ms
[13:24:54]     warm: ok             46.6 ms
[13:24:54]     speedup=1.2024
[13:24:54] 
  [21/22] q21.sql ...
[13:24:54]     [flush] standby list purged in 0.00s (avail before=54.9 GB, after=54.9 GB)
[13:24:59]     cold: ok           4180.4 ms
[13:25:03]     warm: ok           3580.6 ms
[13:25:03]     speedup=1.1675
[13:25:03] 
  [22/22] q22.sql ...
[13:25:03]     [flush] standby list purged in 0.07s (avail before=54.0 GB, after=54.0 GB)
[13:25:24]     cold: ok          19484.8 ms
[13:25:44]     warm: ok          20176.7 ms
[13:25:44]     speedup=0.9657
[13:25:44] 
============================================================
[13:25:44]   RESULTS
[13:25:44] ============================================================
[13:25:44] 
  W_original
[13:25:44]     n_pairs              22
[13:25:44]     mean_speedup         2.937
[13:25:44]     median_speedup       2.841
[13:25:44]     std_speedup          1.202
[13:25:44]     cv_speedup           0.409
[13:25:44]     min_speedup          1.157
[13:25:44]     max_speedup          4.885
[13:25:44]     p10_speedup          1.332
[13:25:44]     p90_speedup          4.48
[13:25:44] 
  W'_synthetic
[13:25:44]     n_pairs              18
[13:25:44]     mean_speedup         1.072
[13:25:44]     median_speedup       1.036
[13:25:44]     std_speedup          0.159
[13:25:44]     cv_speedup           0.149
[13:25:44]     min_speedup          0.826
[13:25:44]     max_speedup          1.639
[13:25:44]     p10_speedup          0.972
[13:25:44]     p90_speedup          1.178
[13:25:44] 
  VERDICT
[13:25:44]   CV (W  original) : 0.409
[13:25:44]   CV (W' synthetic): 0.149
[13:25:44]   Speedup variance is similar (ratio 0.36x).
[13:25:44]   -> Synthetic queries show comparable cache behaviour to originals.
[13:25:44] 
Done. Outputs -> D:\Benchmark\Custom-Benchmark\experiments\cache_speedup_sf10
