Connecting to D:\Benchmark\Custom-Benchmark\databases\tpch_sf10.duckdb ...
Found 8 tables
  Using hardcoded PKs for tpch_sf10
Schema JSON written to D:\Benchmark\Custom-Benchmark\schemas\redbench\tpch_sf10_schema.json
Schema SQL written to D:\Benchmark\Custom-Benchmark\schemas\redbench\tpch_sf10_schema.sql

Generating column statistics (may take several minutes) ...
  Skipping customer (already computed).
  Computing stats for lineitem ...
  Saved progress after lineitem -> D:\Benchmark\Custom-Benchmark\schemas\redbench\tpch_sf10_column_stats.json
  Computing stats for nation ...
  Saved progress after nation -> D:\Benchmark\Custom-Benchmark\schemas\redbench\tpch_sf10_column_stats.json
  Computing stats for orders ...
  Saved progress after orders -> D:\Benchmark\Custom-Benchmark\schemas\redbench\tpch_sf10_column_stats.json
  Computing stats for part ...
  Saved progress after part -> D:\Benchmark\Custom-Benchmark\schemas\redbench\tpch_sf10_column_stats.json
  Computing stats for partsupp ...
  Saved progress after partsupp -> D:\Benchmark\Custom-Benchmark\schemas\redbench\tpch_sf10_column_stats.json
  Computing stats for region ...
  Saved progress after region -> D:\Benchmark\Custom-Benchmark\schemas\redbench\tpch_sf10_column_stats.json
  Computing stats for supplier ...
  Saved progress after supplier -> D:\Benchmark\Custom-Benchmark\schemas\redbench\tpch_sf10_column_stats.json
Stats written to: D:\Benchmark\Custom-Benchmark\schemas\redbench\tpch_sf10_column_stats.json

All artifacts for 'tpch_sf10' ready in D:\Benchmark\Custom-Benchmark\schemas\redbench/
